---
source: src/ast/parser.rs
expression: sentence
---
type: sentence
range:
  start:
    line: 0
    character: 0
  end:
    line: 0
    character: 27
vocative:
  type: vocative
  range:
    start:
      line: 0
      character: 0
    end:
      line: 0
      character: 5
  name: qwen3
verb:
  type: verb
  range:
    start:
      line: 0
      character: 6
    end:
      line: 0
      character: 12
  name: delete
parts:
  - Freeform:
      type: freeform
      range:
        start:
          line: 0
          character: 13
        end:
          line: 0
          character: 16
      text: bar
  - FilePath:
      type: filepath
      range:
        start:
          line: 0
          character: 18
        end:
          line: 0
          character: 27
      path: hello.txt
