---
source: src/ast/parser.rs
expression: sentence
---
type: sentence
range:
  start:
    line: 0
    character: 0
  end:
    line: 0
    character: 42
vocative:
  type: vocative
  range:
    start:
      line: 0
      character: 0
    end:
      line: 0
      character: 5
  name: qwen3
verb:
  type: simple
  range:
    start:
      line: 0
      character: 6
    end:
      line: 0
      character: 15
  name: summarize
parts:
  - InlineShell:
      type: inline_shell
      range:
        start:
          line: 0
          character: 18
        end:
          line: 0
          character: 41
      code: "curl https://google.com"
