---
source: src/ast/parser.rs
expression: sentence
---
type: sentence
range:
  start:
    line: 0
    offset: 0
  end:
    line: 0
    offset: 27
vocative:
  type: vocative
  range:
    start:
      line: 0
      offset: 0
    end:
      line: 0
      offset: 5
  name: qwen3
verb:
  type: verb
  range:
    start:
      line: 0
      offset: 6
    end:
      line: 0
      offset: 12
  name: delete
parts:
  - Freeform:
      type: freeform
      range:
        start:
          line: 0
          offset: 13
        end:
          line: 0
          offset: 16
      text: bar
  - FilePath:
      type: filepath
      range:
        start:
          line: 0
          offset: 18
        end:
          line: 0
          offset: 27
      path: hello.txt
