---
source: src/ast/parser.rs
expression: sentence
---
type: sentence
range:
  start:
    line: 1
    offset: 0
  end:
    line: 1
    offset: 28
vocative:
  type: vocative
  range:
    start:
      line: 1
      offset: 0
    end:
      line: 1
      offset: 28
  name: qwen3
verb:
  type: verb
  range:
    start:
      line: 1
      offset: 6
    end:
      line: 1
      offset: 28
  name: delete
parts:
  - Freeform:
      type: freeform
      range:
        start:
          line: 1
          offset: 13
        end:
          line: 1
          offset: 28
      text: bar
  - InlineShell:
      type: inline_shell
      range:
        start:
          line: 1
          offset: 17
        end:
          line: 1
          offset: 28
      code: git diff
