---
source: src/ast/parser.rs
expression: sentence
---
type: sentence
range:
  start:
    line: 0
    offset: 0
  end:
    line: 0
    offset: 9
vocative:
  type: vocative
  range:
    start:
      line: 0
      offset: 0
    end:
      line: 0
      offset: 9
  name: john-
verb:
  type: verb
  range:
    start:
      line: 0
      offset: 6
    end:
      line: 0
      offset: 9
  name: run
parts: []
