---
source: src/ast/parser.rs
expression: sentence
---
type: sentence
range:
  start:
    line: 0
    offset: 0
  end:
    line: 0
    offset: 20
vocative:
  type: vocative
  range:
    start:
      line: 0
      offset: 0
    end:
      line: 0
      offset: 5
  name: qwen3
verb:
  type: verb
  range:
    start:
      line: 0
      offset: 6
    end:
      line: 0
      offset: 10
  name: edit
parts:
  - InlineShell:
      type: inline_shell
      range:
        start:
          line: 0
          offset: 13
        end:
          line: 0
          offset: 15
      code: ls
  - Freeform:
      type: freeform
      range:
        start:
          line: 0
          offset: 17
        end:
          line: 0
          offset: 20
      text: foo
