---
source: src/ast/parser.rs
expression: sentence
---
type: sentence
range:
  start:
    line: 0
    character: 0
  end:
    line: 0
    character: 12
vocative:
  type: vocative
  range:
    start:
      line: 0
      character: 0
    end:
      line: 0
      character: 7
  name: alice42
verb:
  type: verb
  range:
    start:
      line: 0
      character: 8
    end:
      line: 0
      character: 12
  name: jump
parts: []
