---
source: src/ast/parser.rs
expression: sentence
---
type: sentence
range:
  start:
    line: 0
    character: 0
  end:
    line: 0
    character: 23
vocative:
  type: vocative
  range:
    start:
      line: 0
      character: 0
    end:
      line: 0
      character: 4
  name: want
verb:
  Simple:
    type: verb
    range:
      start:
        line: 0
        character: 5
      end:
        line: 0
        character: 9
    name: some
parts:
  - Freeform:
      type: freeform
      range:
        start:
          line: 0
          character: 10
        end:
          line: 0
          character: 20
      text: whitespace
