---
source: src/ast/parser.rs
expression: sentence
---
type: sentence
range:
  start:
    line: 1
    offset: 0
  end:
    line: 1
    offset: 24
vocative:
  type: vocative
  range:
    start:
      line: 1
      offset: 0
    end:
      line: 1
      offset: 24
  name: qwen3
verb:
  type: verb
  range:
    start:
      line: 1
      offset: 6
    end:
      line: 1
      offset: 24
  name: create
parts:
  - InlineShell:
      type: inline_shell
      range:
        start:
          line: 1
          offset: 13
        end:
          line: 1
          offset: 24
      code: "  tree ."
