---
source: src/ast/parser.rs
expression: sentence
---
type: sentence
range:
  start:
    line: 0
    offset: 0
  end:
    line: 0
    offset: 24
vocative:
  type: vocative
  range:
    start:
      line: 0
      offset: 0
    end:
      line: 0
      offset: 5
  name: qwen3
verb:
  type: verb
  range:
    start:
      line: 0
      offset: 6
    end:
      line: 0
      offset: 12
  name: create
parts:
  - InlineShell:
      type: inline_shell
      range:
        start:
          line: 0
          offset: 15
        end:
          line: 0
          offset: 23
      code: "  tree ."
