---
source: src/ast/parser.rs
expression: sentence
---
type: sentence
range:
  start:
    line: 0
    character: 0
  end:
    line: 0
    character: 9
vocative:
  type: vocative
  range:
    start:
      line: 0
      character: 0
    end:
      line: 0
      character: 5
  name: john-
verb:
  type: verb
  range:
    start:
      line: 0
      character: 6
    end:
      line: 0
      character: 9
  name: run
parts: []
