---
source: src/ast/parser.rs
expression: sentence
---
type: sentence
range:
  start:
    line: 0
    character: 0
  end:
    line: 0
    character: 23
vocative:
  type: vocative
  range:
    start:
      line: 0
      character: 0
    end:
      line: 0
      character: 5
  name: qwen3
verb:
  Simple:
    type: simple
    range:
      start:
        line: 0
        character: 6
      end:
        line: 0
        character: 12
    name: delete
parts:
  - FilePath:
      type: filepath
      range:
        start:
          line: 0
          character: 14
        end:
          line: 0
          character: 23
      path: hello.txt
