---
source: src/ast/parser.rs
expression: sentence
---
type: sentence
range:
  start:
    line: 0
    character: 0
  end:
    line: 0
    character: 8
vocative:
  type: vocative
  range:
    start:
      line: 0
      character: 0
    end:
      line: 0
      character: 4
  name: john
verb:
  Simple:
    type: verb
    range:
      start:
        line: 0
        character: 5
      end:
        line: 0
        character: 8
    name: run
parts: []
