---
source: src/ast/parser.rs
expression: sentence
---
type: sentence
range:
  start:
    line: 0
    offset: 0
  end:
    line: 0
    offset: 25
vocative:
  type: vocative
  range:
    start:
      line: 0
      offset: 0
    end:
      line: 0
      offset: 5
  name: qwen3
verb:
  type: verb
  range:
    start:
      line: 0
      offset: 6
    end:
      line: 0
      offset: 10
  name: edit
parts:
  - FilePath:
      type: filepath
      range:
        start:
          line: 0
          offset: 12
        end:
          line: 0
          offset: 21
      path: hello.txt
  - Freeform:
      type: freeform
      range:
        start:
          line: 0
          offset: 22
        end:
          line: 0
          offset: 25
      text: foo
